// Jest Snapshot v1, https://goo.gl/fbAQLP

exports[`Card with mock Store should display Card 1`] = `ReactWrapper {}`;
