// Jest Snapshot v1, https://goo.gl/fbAQLP

exports[`it should display CharityList 1`] = `
.c0 {
  display: grid;
  grid-template-columns: repeat(2,1fr);
  justify-items: center;
}

@media (max-width:768px) {
  .c0 {
    display: block;
  }
}

<div
  className="c0"
/>
`;

exports[`should display charities in CharityList 1`] = `
.c1 {
  margin: 0 10px 50px;
  background: white;
  box-shadow: 2px 2px 10px rgba(0,0,0,0.25);
  border-radius: 10px;
  top: 10px;
  position: relative;
  opacity: 0;
  -webkit-animation: cMHBRe 3s forwards cubic-bezier(0.2,0.8,0.2,1) 0.02s;
  -webkit-animation: cMHBRe 3s forwards cubic-bezier(0.2,0.8,0.2,1) 0.02s;
  animation: cMHBRe 3s forwards cubic-bezier(0.2,0.8,0.2,1) 0.02s;
}

.c2 {
  width: 650px;
  overflow: hidden;
  background-image: url(undefinedbaan-kru-noi.jpg);
  height: 300px;
  border-radius: 10px 10px 0px 0px;
  background-repeat: no-repeat;
  background-size: cover;
  background-position: center;
}

.c4 {
  margin: 1em 0em 1em 1em;
}

.c5 {
  margin: auto 1em auto 0;
}

.c3 {
  display: grid;
  grid-template-columns: 1fr max-content;
}

.c0 {
  display: grid;
  grid-template-columns: repeat(2,1fr);
  justify-items: center;
}

@media (max-width:1366px) {
  .c2 {
    width: 600px;
    height: 275px;
  }
}

@media (max-width:1280px) {
  .c2 {
    width: 480px;
    height: 230px;
  }
}

@media (max-width:1024px) {
  .c2 {
    width: 385px;
    height: 195px;
  }
}

@media (max-width:834px) {
  .c2 {
    width: 345px;
    height: 175px;
  }
}

@media (max-width:768px) {
  .c2 {
    width: 100%;
    height: 300px;
  }
}

@media (max-width:500px) {
  .c2 {
    width: 100%;
    height: 250px;
  }
}

@media (max-width:834px) and (min-width:768px) {
  .c5 {
    margin: 0.5em 0.5em 0.5em 0;
  }
}

@media (max-width:768px) {
  .c0 {
    display: block;
  }
}

<div
  className="c0"
>
  <div
    className="c1"
  >
    <div
      className="c2"
      src="undefinedbaan-kru-noi.jpg"
    />
    <div
      className="c3"
    >
      <h3
        className="c4"
      >
        Baan Kru Noi
      </h3>
      <button
        className="primary c5"
        onClick={[Function]}
      >
        Donate
      </button>
    </div>
  </div>
</div>
`;
